// Jest Snapshot v1, https://goo.gl/fbAQLP

exports[`MyButton renders 1`] = `null`;
